[ assembly command ]          [ ip ] [cmd ] [  arg1  ] [  arg2  ]
               main:          
              start:          
                  in          [0000] [0008] 
             pop rax          [0001] [0073] [00000001] 
                  in          [0006] [0008] 
             pop rbx          [0007] [0073] [00000002] 
                  in          [0012] [0008] 
             pop rcx          [0013] [0073] [00000003] 
              push 0          [0018] [0033] [00000000] 
            push rax          [0023] [0065] [00000001] 
    je linear_solver_call          [0028] [0015] [0000002b] 
    call quadratic_solver          [0033] [0021] [0000004f] 
       jmp main_exit          [0038] [0010] [00000044] 
 linear_solver_call:          
            push rbx          [0043] [0065] [00000002] 
             pop rax          [0048] [0073] [00000001] 
            push rcx          [0053] [0065] [00000003] 
             pop rbx          [0058] [0073] [00000002] 
    call linear_solver          [0063] [0021] [000000c8] 
          main_exit:          
        print 121396          [0068] [0051] [0001da34] 
           jmp start          [0073] [0010] [00000000] 
                 hlt          [0078] [0000] 
   quadratic_solver:          
    call calc_discreminant          [0079] [0021] [000000f9] 
            push rdx          [0084] [0065] [00000004] 
              push 0          [0089] [0033] [00000000] 
    jae more_0_roots          [0094] [0014] [0000006d] 
             print 0          [0099] [0051] [00000000] 
    jmp exit_quadratic_solver          [0104] [0010] [000000c7] 
       more_0_roots:          
            push rdx          [0109] [0065] [00000004] 
              push 0          [0114] [0033] [00000000] 
     jne more_1_root          [0119] [0016] [00000086] 
       call one_root          [0124] [0021] [0000011c] 
    jmp exit_quadratic_solver          [0129] [0010] [000000c7] 
        more_1_root:          
            push rbx          [0134] [0065] [00000002] 
             push -1          [0139] [0033] [ffffffff] 
                 mul          [0144] [0004] 
            push rdx          [0145] [0065] [00000004] 
              square          
                 add          [0150] [0002] 
            push rax          [0151] [0065] [00000001] 
              push 2          [0156] [0033] [00000002] 
                 mul          [0161] [0004] 
                 div          [0162] [0005] 
            push rbx          [0163] [0065] [00000002] 
             push -1          [0168] [0033] [ffffffff] 
                 mul          [0173] [0004] 
            push rdx          [0174] [0065] [00000004] 
              square          
                 sub          [0179] [0003] 
            push rax          [0180] [0065] [00000001] 
              push 2          [0185] [0033] [00000002] 
                 mul          [0190] [0004] 
                 div          [0191] [0005] 
             print 2          [0192] [0051] [00000002] 
                 out          [0197] [0006] 
                 out          [0198] [0006] 
exit_quadratic_solver:          
                 ret          [0199] [0022] 
      linear_solver:          
            push rax          [0200] [0065] [00000001] 
              push 0          [0205] [0033] [00000000] 
    je not_inf_roots          [0210] [0015] [000000e1] 
     print 133722869          [0215] [0051] [07f872f5] 
    jmp exit_linear_solver          [0220] [0010] [000000f8] 
      not_inf_roots:          
            push rbx          [0225] [0065] [00000002] 
             push -1          [0230] [0033] [ffffffff] 
                 mul          [0235] [0004] 
            push rax          [0236] [0065] [00000001] 
                 div          [0241] [0005] 
             print 1          [0242] [0051] [00000001] 
                 out          [0247] [0006] 
 exit_linear_solver:          
                 ret          [0248] [0022] 
  calc_discreminant:          
            push rbx          [0249] [0065] [00000002] 
              push 2          [0254] [0033] [00000002] 
    pow             // b^2          [0259] [0029] 
              push 4          [0260] [0033] [00000004] 
            push rax          [0265] [0065] [00000001] 
                 mul          [0270] [0004] 
            push rcx          [0271] [0065] [00000003] 
    mul             // 4ac          [0276] [0004] 
    sub             // b^2-4ac          [0277] [0003] 
             pop rdx          [0278] [0073] [00000004] 
                 ret          [0283] [0022] 
           one_root:          
            push rbx          [0284] [0065] [00000002] 
             push -1          [0289] [0033] [ffffffff] 
                 mul          [0294] [0004] 
              push 2          [0295] [0033] [00000002] 
            push rax          [0300] [0065] [00000001] 
                 mul          [0305] [0004] 
    div         // -b/(2a)          [0306] [0005] 
             print 1          [0307] [0051] [00000001] 
                 out          [0312] [0006] 
                 ret          [0313] [0022] 

Named labels
{
    "                main" = 0
    "               start" = 0
    "  linear_solver_call" = 43
    "           main_exit" = 68
    "    quadratic_solver" = 79
    "        more_0_roots" = 109
    "         more_1_root" = 134
    "              square" = 150
    "exit_quadratic_solver" = 199
    "       linear_solver" = 200
    "       not_inf_roots" = 225
    "  exit_linear_solver" = 248
    "   calc_discreminant" = 249
    "            one_root" = 284
    "        LABEL POISON" = 2989
    "        LABEL POISON" = 2989
    "        LABEL POISON" = 2989
    "        LABEL POISON" = 2989
    "        LABEL POISON" = 2989
    "        LABEL POISON" = 2989
    "        LABEL POISON" = 2989
    "        LABEL POISON" = 2989
    "        LABEL POISON" = 2989
    "        LABEL POISON" = 2989
    "        LABEL POISON" = 2989
    "        LABEL POISON" = 2989
    "        LABEL POISON" = 2989
    "        LABEL POISON" = 2989
    "        LABEL POISON" = 2989
    "        LABEL POISON" = 2989
    "        LABEL POISON" = 2989
    "        LABEL POISON" = 2989
    "        LABEL POISON" = 2989
    "        LABEL POISON" = 2989
    "        LABEL POISON" = 2989
    "        LABEL POISON" = 2989
    "        LABEL POISON" = 2989
    "        LABEL POISON" = 2989
    "        LABEL POISON" = 2989
    "        LABEL POISON" = 2989
    "        LABEL POISON" = 2989
    "        LABEL POISON" = 2989
    "        LABEL POISON" = 2989
    "        LABEL POISON" = 2989
    "        LABEL POISON" = 2989
    "        LABEL POISON" = 2989
    "        LABEL POISON" = 2989
    "        LABEL POISON" = 2989
    "        LABEL POISON" = 2989
    "        LABEL POISON" = 2989
    "        LABEL POISON" = 2989
    "        LABEL POISON" = 2989
    "        LABEL POISON" = 2989
    "        LABEL POISON" = 2989
    "        LABEL POISON" = 2989
    "        LABEL POISON" = 2989
    "        LABEL POISON" = 2989
    "        LABEL POISON" = 2989
    "        LABEL POISON" = 2989
    "        LABEL POISON" = 2989
    "        LABEL POISON" = 2989
    "        LABEL POISON" = 2989
    "        LABEL POISON" = 2989
    "        LABEL POISON" = 2989
    "        LABEL POISON" = 2989
    "        LABEL POISON" = 2989
    "        LABEL POISON" = 2989
    "        LABEL POISON" = 2989
    "        LABEL POISON" = 2989
    "        LABEL POISON" = 2989
    "        LABEL POISON" = 2989
    "        LABEL POISON" = 2989
    "        LABEL POISON" = 2989
    "        LABEL POISON" = 2989
    "        LABEL POISON" = 2989
    "        LABEL POISON" = 2989
    "        LABEL POISON" = 2989
    "        LABEL POISON" = 2989
    "        LABEL POISON" = 2989
    "        LABEL POISON" = 2989
    "        LABEL POISON" = 2989
    "        LABEL POISON" = 2989
    "        LABEL POISON" = 2989
    "        LABEL POISON" = 2989
    "        LABEL POISON" = 2989
    "        LABEL POISON" = 2989
    "        LABEL POISON" = 2989
    "        LABEL POISON" = 2989
    "        LABEL POISON" = 2989
    "        LABEL POISON" = 2989
    "        LABEL POISON" = 2989
    "        LABEL POISON" = 2989
    "        LABEL POISON" = 2989
    "        LABEL POISON" = 2989
    "        LABEL POISON" = 2989
    "        LABEL POISON" = 2989
    "        LABEL POISON" = 2989
    "        LABEL POISON" = 2989
    "        LABEL POISON" = 2989
    "        LABEL POISON" = 2989
}
