     1                                  section .text
     2                                  global main
     3                                  
     4                                  main:
     5 00000000 55                          push rbp
     6 00000001 4889E5                      mov rbp, rsp
     7                                  
     8 00000004 68581B0000                  push 7000
     9 00000009 68DC050000                  push 1500
    10 0000000E DB442408                    fild dword [rsp+8]
    11 00000012 DF2C24                      fild qword [rsp]
    12 00000015 68E8030000                  push dword 1000
    13 0000001A DA3424                      fidiv dword [rsp]
    14 0000001D D9FA                        fsqrt
    15 0000001F 4883C40C                    add rsp, 12
    16 00000023 DF3C24                      fistp qword [rsp]
    17                                  
    18 00000026 48BF87273554746335-         mov rdi, 0x4635637454352787
    18 0000002F 46                 
    19                                  
    20 00000030 4C89F0                      mov rax, r14
    21 00000033 4D39F5                      cmp r13, r14
    22                                  
    23 00000036 B801000000                  mov rax, 0x01
    24 0000003B BF01000000                  mov rdi, 1
    25 00000040 48BE-                       mov rsi, Msg
    25 00000042 [0000000000000000] 
    26 0000004A BA14000000                  mov rdx, MsgLen
    27 0000004F 0F05                        syscall
    28                                  
    29 00000051 5D                          pop rbp
    30                                  
    31 00000052 B83C000000                  mov rax, 0x3C
    32 00000057 4831FF                      xor rdi, rdi
    33 0000005A 0F05                        syscall
    34                                  
    35                                  section .data
    36                                  
    37 00000000 50726F6772616D6D20-     Msg:    db  "Programm for check!", 0x0A
    37 00000009 666F7220636865636B-
    37 00000012 210A               
    38                                  MsgLen: equ $ - Msg
